// Jest Snapshot v1, https://goo.gl/fbAQLP

exports[`<ThemeSwitch /> snapshot 1`] = `
<div>
  <button
    ant-click-animating="false"
    aria-checked="false"
    class="ant-switch"
    data-testid="theme-switch"
    role="switch"
    type="button"
  >
    <span
      class="ant-switch-inner"
    >
      Dark
    </span>
  </button>
</div>
`;
